Microchip MPLAB XC8 Compiler V2.32

Linker command line:

-W-3 --edf=C:\Program Files\Microchip\xc8\v2.32\pic\dat\en_msgs.txt \
  -pivt0x200=0200h -cn \
  -h+dist/default/production\Control_Digital.X.production.sym \
  --cmf=dist/default/production\Control_Digital.X.production.cmf -z \
  -Q18F57Q43 -oC:\Users\Wels\AppData\Local\Temp\xcAs146k.4 \
  --defsym=__MPLAB_BUILD=1 \
  -Mdist/default/production/Control_Digital.X.production.map -E1 \
  -ver=XC8 Compiler --acfsm=1493 -ASTACK=059Ah-025FFh -pstack=STACK \
  -ACODE=00h-01FFFFh -ACONST=00h-01FFFFh -ASMALLCONST=02600h-026FFhx474 \
  -AMEDIUMCONST=02600h-0FFFFh,012600h-01FFFFh -ACOMRAM=0501h-055Fh \
  -AABS1=0500h-025FFh -ABIGRAM=0501h-025FFh \
  -ARAM=0560h-05FFh,0600h-06FFhx32 -ABANK5=0560h-05FFh -ABANK6=0600h-06FFh \
  -ABANK7=0700h-07FFh -ABANK8=0800h-08FFh -ABANK9=0900h-09FFh \
  -ABANK10=0A00h-0AFFh -ABANK11=0B00h-0BFFh -ABANK12=0C00h-0CFFh \
  -ABANK13=0D00h-0DFFh -ABANK14=0E00h-0EFFh -ABANK15=0F00h-0FFFh \
  -ABANK16=01000h-010FFh -ABANK17=01100h-011FFh -ABANK18=01200h-012FFh \
  -ABANK19=01300h-013FFh -ABANK20=01400h-014FFh -ABANK21=01500h-015FFh \
  -ABANK22=01600h-016FFh -ABANK23=01700h-017FFh -ABANK24=01800h-018FFh \
  -ABANK25=01900h-019FFh -ABANK26=01A00h-01AFFh -ABANK27=01B00h-01BFFh \
  -ABANK28=01C00h-01CFFh -ABANK29=01D00h-01DFFh -ABANK30=01E00h-01EFFh \
  -ABANK31=01F00h-01FFFh -ABANK32=02000h-020FFh -ABANK33=02100h-021FFh \
  -ABANK34=02200h-022FFh -ABANK35=02300h-023FFh -ABANK36=02400h-024FFh \
  -ABANK37=02500h-025FFh -ASFR=00h-0FFhx4,0400h-045Fh,0460h-04FFh \
  -ACONFIG=0300000h-0300011h -AIDLOC=0200000h-020001Fh \
  -AEEDATA=0380000h-03803FFh -peeprom_data=EEDATA -preset_vec=00h \
  -ppowerup=CODE,init -pramtop=02600h -psmallconst=SMALLCONST \
  -pmediumconst=MEDIUMCONST -pconst=CONST -AFARRAM=00h-00h \
  -prdata=COMRAM,nvrram=COMRAM,nvbit=COMRAM,rbss=COMRAM,rbit=COMRAM \
  -pfarbss=FARRAM,fardata=FARRAM,nvFARRAM=FARRAM \
  -pintsave_regs=BIGRAM,bigbss=BIGRAM,bigdata=BIGRAM -pbss=RAM \
  -pidata=CODE,irdata=CODE,ibigdata=CODE,ifardata=CODE -prparam=COMRAM \
  C:\Users\Wels\AppData\Local\Temp\xcAs146k.o \
  dist/default/production\Control_Digital.X.production.o 

Object code version is 3.11

Machine type is 18F57Q43



                Name                               Link     Load   Length Selector   Space Scale
C:\Users\Wels\AppData\Local\Temp\xcAs146k.o
                idloc                            200000   200000       20        0       5
                config                           300000   300000        A        0       4
                init                                2FA      2FA        4      100       0
                reset_vec                             0        0        4        0       0
dist/default/production\Control_Digital.X.production.o
                idloc                            200000   200000       20        0       5
                config                           300000   300000        A        0       4
                ivt0x200                            200      200       FA      100       0
                text18                             193C     193C       32      64F       0
                text17                             1A64     1A64        2      699       0
                text16                             19CE     19CE       2E      64F       0
                text15                             19FC     19FC       26      64F       0
                text14                             1A5A     1A5A        8      64F       0
                text13                             199E     199E       30      64F       0
                text12                             1908     1908       32      100       0
                text11                             1A4C     1A4C        E      64F       0
                text10                             196E     196E       30      64F       0
                text9                              1A22     1A22       1A      64F       0
                text8                              10F2     10F2      39A      100       0
                text7                              1746     1746      104      100       0
                text6                               CA4      CA4      44E      100       0
                text5                              18D0     18D0       38      100       0
                text4                               7E4      7E4      4C0      100       0
                text3                              184A     184A       46      100       0
                text2                              1640     1640      106      100       0
                text1                              148C     148C      1B4      100       0
                text0                               2FE      2FE      4E6      100       0
                cstackCOMRAM                        501      501       5F      501       1
                cstackBANK5                         592      592        8      560       1
                dataBANK5                           576      576       10      560       1
                bssBANK5                            560      560       16      560       1
                cinit                              1890     1890       40      100       0
                nvBANK5                             586      586        C      560       1
                idataBANK5                         1A3C     1A3C       10      64F       0

TOTAL           Name                               Link     Load   Length     Space
        CLASS   STACK          

        CLASS   CODE           
                init                                2FA      2FA        4         0
                reset_vec                             0        0        4         0
                ivt0x200                            200      200       FA         0
                text18                             193C     193C       32         0
                text17                             1A64     1A64        2         0
                text16                             19CE     19CE       2E         0
                text15                             19FC     19FC       26         0
                text14                             1A5A     1A5A        8         0
                text13                             199E     199E       30         0
                text12                             1908     1908       32         0
                text11                             1A4C     1A4C        E         0
                text10                             196E     196E       30         0
                text9                              1A22     1A22       1A         0
                text8                              10F2     10F2      39A         0
                text7                              1746     1746      104         0
                text6                               CA4      CA4      44E         0
                text5                              18D0     18D0       38         0
                text4                               7E4      7E4      4C0         0
                text3                              184A     184A       46         0
                text2                              1640     1640      106         0
                text1                              148C     148C      1B4         0
                text0                               2FE      2FE      4E6         0
                cinit                              1890     1890       40         0
                idataBANK5                         1A3C     1A3C       10         0

        CLASS   CONST          

        CLASS   SMALLCONST     

        CLASS   MEDIUMCONST    

        CLASS   COMRAM         
                cstackCOMRAM                        501      501       5F         1

        CLASS   ABS1           

        CLASS   BIGRAM         

        CLASS   RAM            

        CLASS   BANK5          
                cstackBANK5                         592      592        8         1
                dataBANK5                           576      576       10         1
                bssBANK5                            560      560       16         1
                nvBANK5                             586      586        C         1

        CLASS   BANK6          

        CLASS   BANK7          

        CLASS   BANK8          

        CLASS   BANK9          

        CLASS   BANK10         

        CLASS   BANK11         

        CLASS   BANK12         

        CLASS   BANK13         

        CLASS   BANK14         

        CLASS   BANK15         

        CLASS   BANK16         

        CLASS   BANK17         

        CLASS   BANK18         

        CLASS   BANK19         

        CLASS   BANK20         

        CLASS   BANK21         

        CLASS   BANK22         

        CLASS   BANK23         

        CLASS   BANK24         

        CLASS   BANK25         

        CLASS   BANK26         

        CLASS   BANK27         

        CLASS   BANK28         

        CLASS   BANK29         

        CLASS   BANK30         

        CLASS   BANK31         

        CLASS   BANK32         

        CLASS   BANK33         

        CLASS   BANK34         

        CLASS   BANK35         

        CLASS   BANK36         

        CLASS   BANK37         

        CLASS   SFR            

        CLASS   CONFIG         
                config                           300000   300000        A         4

        CLASS   IDLOC          
                idloc                            200000   200000       20         5

        CLASS   EEDATA         

        CLASS   FARRAM         



SEGMENTS        Name                           Load    Length   Top    Selector   Space  Class

                reset_vec                      000000  000004  000004         0       0  CODE    
                ivt0x200                       000200  00173A  00193A       100       0  CODE    
                cstackCOMRAM                   000501  00005F  000560       501       1  COMRAM  
                bssBANK5                       000560  00003A  00059A       560       1  BANK5   
                text18                         00193C  000126  001A62       64F       0  CODE    
                text17                         001A64  000002  001A66       699       0  CODE    


UNUSED ADDRESS RANGES

        Name                Unused          Largest block    Delta
        BANK10           000A00-000AFF              100
        BANK11           000B00-000BFF              100
        BANK12           000C00-000CFF              100
        BANK13           000D00-000DFF              100
        BANK14           000E00-000EFF              100
        BANK15           000F00-000FFF              100
        BANK16           001000-0010FF              100
        BANK17           001100-0011FF              100
        BANK18           001200-0012FF              100
        BANK19           001300-0013FF              100
        BANK20           001400-0014FF              100
        BANK21           001500-0015FF              100
        BANK22           001600-0016FF              100
        BANK23           001700-0017FF              100
        BANK24           001800-0018FF              100
        BANK25           001900-0019FF              100
        BANK26           001A00-001AFF              100
        BANK27           001B00-001BFF              100
        BANK28           001C00-001CFF              100
        BANK29           001D00-001DFF              100
        BANK30           001E00-001EFF              100
        BANK31           001F00-001FFF              100
        BANK32           002000-0020FF              100
        BANK33           002100-0021FF              100
        BANK34           002200-0022FF              100
        BANK35           002300-0023FF              100
        BANK36           002400-0024FF              100
        BANK37           002500-0025FF              100
        BANK5            00059A-0005FF               66
        BANK6            000600-0006FF              100
        BANK7            000700-0007FF              100
        BANK8            000800-0008FF              100
        BANK9            000900-0009FF              100
        BIGRAM           00059A-0025FF             2066
        CODE             000004-0001FF              1FC
                         00193A-00193B                2
                         001A62-001A63                2
                         001A66-01FFFF            1E59A
        CONFIG           30000A-300011                8
        CONST            000004-0001FF              1FC
                         00193A-00193B                2
                         001A62-001A63                2
                         001A66-01FFFF            1E59A
        EEDATA           380000-3803FF              400
        MEDIUMCONST      002600-00FFFF             DA00
                         012600-01FFFF             DA00
        RAM              00059A-0025FF              100
        SFR              000000-0004FF              100
        SMALLCONST       002600-01FFFF              100
        STACK            00059A-0025FF             2066

                                  Symbol Table

?_ADC_Conversion         cstackCOMRAM 000501
?___fladd                cstackCOMRAM 000546
?___fldiv                cstackCOMRAM 00052D
?___flmul                cstackCOMRAM 000514
?___flneg                cstackCOMRAM 000556
?___flsub                cstackCOMRAM 000556
?___fltol                cstackCOMRAM 000501
?___xxtofl               cstackCOMRAM 000506
ADC_Conversion@canal     cstackCOMRAM 000505
IVTBASEH                 (abs)        00045E
IVTBASEL                 (abs)        00045D
IVTBASEU                 (abs)        00045F
PWM_ChangeDuty@duty      cstackCOMRAM 00050B
UART_Tx@dato             cstackCOMRAM 000501
_ADCLK                   (abs)        0003FA
_ADCON0bits              (abs)        0003F3
_ADCON2bits              (abs)        0003F5
_ADC_Conversion          text16       0019CE
_ADC_Init                text15       0019FC
_ADPCH                   (abs)        0003EC
_ADREFbits               (abs)        0003F8
_ADRESH                  (abs)        0003EB
_ADRESL                  (abs)        0003EA
_ANSELAbits              (abs)        000400
_ANSELBbits              (abs)        000408
_ANSELDbits              (abs)        000418
_ANSELFbits              (abs)        000428
_Clock_Init              text14       001A5A
_D                       bssBANK5     00056C
_ERROR                   nvBANK5      00058E
_E_ANT                   bssBANK5     000568
_I                       bssBANK5     000570
_INLVLBbits              (abs)        00040C
_INLVLDbits              (abs)        00041C
_INLVLFbits              (abs)        00042C
_INT0_ISR                text18       00193C
_INTCON0bits             (abs)        0004D6
_INT_Init                text13       00199E
_IOC_ISR                 text17       001A64
_IPR1bits                (abs)        000363
_IVTBASEH                (abs)        00045E
_IVTBASEL                (abs)        00045D
_IVTBASEU                (abs)        00045F
_LATDbits                (abs)        0004C1
_LATFbits                (abs)        0004C3
_LIM_MAX                 dataBANK5    00057A
_LIM_MIN                 dataBANK5    00057E
_ODCONBbits              (abs)        00040A
_ODCONDbits              (abs)        00041A
_ODCONFbits              (abs)        00042A
_OSCCON1                 (abs)        0000AD
_P                       nvBANK5      000586
_PIE1bits                (abs)        00049F
_PIR1bits                (abs)        0004AF
_PORTBbits               (abs)        0004CF
_PWM16_Init              text12       001908
_PWM1CLK                 (abs)        000461
_PWM1CONbits             (abs)        000469
_PWM1CPRE                (abs)        000465
_PWM1PRH                 (abs)        000464
_PWM1PRL                 (abs)        000463
_PWM1S1CFGbits           (abs)        00046A
_PWM1S1P1H               (abs)        00046C
_PWM1S1P1L               (abs)        00046B
_PWM1S1P2H               (abs)        00046E
_PWM1S1P2L               (abs)        00046D
_PWM_ChangeDuty          text11       001A4C
_RF0PPS                  (abs)        000229
_RF2PPS                  (abs)        00022B
_RF5PPS                  (abs)        00022E
_SLRCONBbits             (abs)        00040B
_SLRCONDbits             (abs)        00041B
_SLRCONFbits             (abs)        00042B
_T                       dataBANK5    000576
_TAU                     dataBANK5    000582
_TRISAbits               (abs)        0004C6
_TRISBbits               (abs)        0004C7
_TRISDbits               (abs)        0004C9
_TRISFbits               (abs)        0004CB
_U1BRG                   (abs)        0002AE
_U1CON0bits              (abs)        0002AB
_U1CON1bits              (abs)        0002AC
_U1ERRIRbits             (abs)        0002B2
_U1RXB                   (abs)        0002A1
_U1RXPPS                 (abs)        000272
_U1TXB                   (abs)        0002A3
_UART_Init               text10       00196E
_UART_Tx                 text9        001A22
_U_t                     bssBANK5     000560
_WPUBbits                (abs)        000409
_WPUDbits                (abs)        000419
_WPUFbits                (abs)        000429
_Y_ANT                   bssBANK5     000564
__HRAM                   (abs)        000000
__Habs1                  abs1         000000
__Hbank10                bank10       000000
__Hbank11                bank11       000000
__Hbank12                bank12       000000
__Hbank13                bank13       000000
__Hbank14                bank14       000000
__Hbank15                bank15       000000
__Hbank16                bank16       000000
__Hbank17                bank17       000000
__Hbank18                bank18       000000
__Hbank19                bank19       000000
__Hbank20                bank20       000000
__Hbank21                bank21       000000
__Hbank22                bank22       000000
__Hbank23                bank23       000000
__Hbank24                bank24       000000
__Hbank25                bank25       000000
__Hbank26                bank26       000000
__Hbank27                bank27       000000
__Hbank28                bank28       000000
__Hbank29                bank29       000000
__Hbank30                bank30       000000
__Hbank31                bank31       000000
__Hbank32                bank32       000000
__Hbank33                bank33       000000
__Hbank34                bank34       000000
__Hbank35                bank35       000000
__Hbank36                bank36       000000
__Hbank37                bank37       000000
__Hbank5                 bank5        000000
__Hbank6                 bank6        000000
__Hbank7                 bank7        000000
__Hbank8                 bank8        000000
__Hbank9                 bank9        000000
__Hbigbss                bigbss       000000
__Hbigdata               bigdata      000000
__Hbigram                bigram       000000
__Hbss                   bss          000000
__HbssBANK5              bssBANK5     000000
__Hcinit                 cinit        000000
__Hclrtext               clrtext      000000
__Hcomram                comram       000000
__Hconfig                config       30000A
__Hconst                 const        000000
__HcstackBANK5           cstackBANK5  000000
__HcstackCOMRAM          cstackCOMRAM 000000
__Hdata                  data         000000
__HdataBANK5             dataBANK5    000000
__Heeprom_data           eeprom_data  000000
__Hfarbss                farbss       000000
__Hfardata               fardata      000000
__Hibigdata              ibigdata     000000
__Hidata                 idata        000000
__HidataBANK5            idataBANK5   000000
__Hidloc                 idloc        200020
__Hifardata              ifardata     000000
__Hinit                  init         0002FE
__Hintsave_regs          intsave_regs 000000
__Hirdata                irdata       000000
__Hivt0x200              ivt0x200     0002FA
__Hmediumconst           mediumconst  000000
__HnvBANK5               nvBANK5      000000
__HnvFARRAM              nvFARRAM     000000
__Hnvbit                 nvbit        000000
__Hnvrram                nvrram       000000
__Hparam                 rparam       000000
__Hpowerup               powerup      000000
__Hram                   ram          000000
__Hramtop                ramtop       002600
__Hrbit                  rbit         000000
__Hrbss                  rbss         000000
__Hrdata                 rdata        000000
__Hreset_vec             reset_vec    000004
__Hrparam                rparam       000000
__Hsfr                   sfr          000000
__Hsmallconst            smallconst   000000
__Hspace_0               (abs)        002600
__Hspace_1               (abs)        00059A
__Hspace_2               (abs)        000000
__Hspace_4               (abs)        60000A
__Hstack                 stack        000000
__Hstruct                struct       000000
__Htemp                  temp         000000
__Htext                  text         000000
__Htext0                 text0        000000
__Htext1                 text1        000000
__Htext10                text10       000000
__Htext11                text11       000000
__Htext12                text12       000000
__Htext13                text13       000000
__Htext14                text14       000000
__Htext15                text15       000000
__Htext16                text16       000000
__Htext17                text17       000000
__Htext18                text18       000000
__Htext2                 text2        000000
__Htext3                 text3        000000
__Htext4                 text4        000000
__Htext5                 text5        000000
__Htext6                 text6        000000
__Htext7                 text7        000000
__Htext8                 text8        000000
__Htext9                 text9        000000
__LRAM                   (abs)        000001
__Labs1                  abs1         000000
__Lbank10                bank10       000000
__Lbank11                bank11       000000
__Lbank12                bank12       000000
__Lbank13                bank13       000000
__Lbank14                bank14       000000
__Lbank15                bank15       000000
__Lbank16                bank16       000000
__Lbank17                bank17       000000
__Lbank18                bank18       000000
__Lbank19                bank19       000000
__Lbank20                bank20       000000
__Lbank21                bank21       000000
__Lbank22                bank22       000000
__Lbank23                bank23       000000
__Lbank24                bank24       000000
__Lbank25                bank25       000000
__Lbank26                bank26       000000
__Lbank27                bank27       000000
__Lbank28                bank28       000000
__Lbank29                bank29       000000
__Lbank30                bank30       000000
__Lbank31                bank31       000000
__Lbank32                bank32       000000
__Lbank33                bank33       000000
__Lbank34                bank34       000000
__Lbank35                bank35       000000
__Lbank36                bank36       000000
__Lbank37                bank37       000000
__Lbank5                 bank5        000000
__Lbank6                 bank6        000000
__Lbank7                 bank7        000000
__Lbank8                 bank8        000000
__Lbank9                 bank9        000000
__Lbigbss                bigbss       000000
__Lbigdata               bigdata      000000
__Lbigram                bigram       000000
__Lbss                   bss          000000
__LbssBANK5              bssBANK5     000000
__Lcinit                 cinit        000000
__Lclrtext               clrtext      000000
__Lcomram                comram       000000
__Lconfig                config       000000
__Lconst                 const        000000
__LcstackBANK5           cstackBANK5  000000
__LcstackCOMRAM          cstackCOMRAM 000000
__Ldata                  data         000000
__LdataBANK5             dataBANK5    000000
__Leeprom_data           eeprom_data  000000
__Lfarbss                farbss       000000
__Lfardata               fardata      000000
__Libigdata              ibigdata     000000
__Lidata                 idata        000000
__LidataBANK5            idataBANK5   000000
__Lidloc                 idloc        000000
__Lifardata              ifardata     000000
__Linit                  init         0002FA
__Lintsave_regs          intsave_regs 000000
__Lirdata                irdata       000000
__Livt0x200              ivt0x200     000200
__Lmediumconst           mediumconst  000000
__LnvBANK5               nvBANK5      000000
__LnvFARRAM              nvFARRAM     000000
__Lnvbit                 nvbit        000000
__Lnvrram                nvrram       000000
__Lparam                 rparam       000000
__Lpowerup               powerup      000000
__Lram                   ram          000000
__Lramtop                ramtop       002600
__Lrbit                  rbit         000000
__Lrbss                  rbss         000000
__Lrdata                 rdata        000000
__Lreset_vec             reset_vec    000000
__Lrparam                rparam       000000
__Lsfr                   sfr          000000
__Lsmallconst            smallconst   000000
__Lspace_0               (abs)        000000
__Lspace_1               (abs)        000000
__Lspace_2               (abs)        000000
__Lspace_4               (abs)        000000
__Lstack                 stack        000000
__Lstruct                struct       000000
__Ltemp                  temp         000000
__Ltext                  text         000000
__Ltext0                 text0        000000
__Ltext1                 text1        000000
__Ltext10                text10       000000
__Ltext11                text11       000000
__Ltext12                text12       000000
__Ltext13                text13       000000
__Ltext14                text14       000000
__Ltext15                text15       000000
__Ltext16                text16       000000
__Ltext17                text17       000000
__Ltext18                text18       000000
__Ltext2                 text2        000000
__Ltext3                 text3        000000
__Ltext4                 text4        000000
__Ltext5                 text5        000000
__Ltext6                 text6        000000
__Ltext7                 text7        000000
__Ltext8                 text8        000000
__Ltext9                 text9        000000
__S0                     (abs)        001A66
__S1                     (abs)        00059A
__S2                     (abs)        000000
__S4                     (abs)        000000
__S5                     (abs)        000000
___fladd                 text4        0007E4
___fladd@a               cstackCOMRAM 00054A
___fladd@aexp            cstackCOMRAM 000553
___fladd@b               cstackCOMRAM 000546
___fladd@bexp            cstackCOMRAM 000554
___fladd@grs             cstackCOMRAM 000555
___fladd@signs           cstackCOMRAM 000552
___fldiv                 text8        0010F2
___fldiv@a               cstackCOMRAM 000531
___fldiv@aexp            cstackCOMRAM 000545
___fldiv@b               cstackCOMRAM 00052D
___fldiv@bexp            cstackCOMRAM 000544
___fldiv@grs             cstackCOMRAM 000540
___fldiv@new_exp         cstackCOMRAM 00053E
___fldiv@rem             cstackCOMRAM 000539
___fldiv@sign            cstackCOMRAM 00053D
___flge                  text7        001746
___flge@ff1              cstackCOMRAM 000501
___flge@ff2              cstackCOMRAM 000505
___flmul                 text6        000CA4
___flmul@a               cstackCOMRAM 000518
___flmul@aexp            cstackCOMRAM 000525
___flmul@b               cstackCOMRAM 000514
___flmul@bexp            cstackCOMRAM 000526
___flmul@grs             cstackCOMRAM 000521
___flmul@prod            cstackCOMRAM 000527
___flmul@sign            cstackCOMRAM 000520
___flmul@temp            cstackCOMRAM 00052B
___flneg                 text5        0018D0
___flneg@f1              cstackCOMRAM 000556
___flsub                 text3        00184A
___flsub@a               cstackCOMRAM 00055A
___flsub@b               cstackCOMRAM 000556
___fltol                 text2        001640
___fltol@exp1            cstackCOMRAM 00050A
___fltol@f1              cstackCOMRAM 000501
___fltol@sign1           cstackCOMRAM 000509
___inthi_sp              stack        000000
___intlo_sp              stack        000000
___param_bank            (abs)        000000
___rparam_used           (abs)        000001
___sp                    stack        000000
___xxtofl                text1        00148C
___xxtofl@arg            cstackCOMRAM 000510
___xxtofl@exp            cstackCOMRAM 00050F
___xxtofl@sign           cstackCOMRAM 00050E
___xxtofl@val            cstackCOMRAM 000506
__accesstop              (abs)        000560
__activetblptr           (abs)        000000
__end_of_ADC_Conversion  text16       0019FC
__end_of_ADC_Init        text15       001A22
__end_of_Clock_Init      text14       001A62
__end_of_INT0_ISR        text18       00196E
__end_of_INT_Init        text13       0019CE
__end_of_IOC_ISR         text17       001A66
__end_of_PWM16_Init      text12       00193A
__end_of_PWM_ChangeDuty  text11       001A5A
__end_of_UART_Init       text10       00199E
__end_of_UART_Tx         text9        001A3C
__end_of___fladd         text4        000CA4
__end_of___fldiv         text8        00148C
__end_of___flge          text7        00184A
__end_of___flmul         text6        0010F2
__end_of___flneg         text5        001908
__end_of___flsub         text3        001890
__end_of___fltol         text2        001746
__end_of___xxtofl        text1        001640
__end_of__initialization cinit        0018CA
__end_of_main            text0        0007E4
__initialization         cinit        001890
__mediumconst            mediumconst  000000
__pbssBANK5              bssBANK5     000560
__pcinit                 cinit        001890
__pcstackBANK5           cstackBANK5  000592
__pcstackCOMRAM          cstackCOMRAM 000501
__pdataBANK5             dataBANK5    000576
__pidataBANK5            idataBANK5   001A3C
__pivt0x200              ivt0x200     000200
__pnvBANK5               nvBANK5      000586
__ptext0                 text0        0002FE
__ptext1                 text1        00148C
__ptext10                text10       00196E
__ptext11                text11       001A4C
__ptext12                text12       001908
__ptext13                text13       00199E
__ptext14                text14       001A5A
__ptext15                text15       0019FC
__ptext16                text16       0019CE
__ptext17                text17       001A64
__ptext18                text18       00193C
__ptext2                 text2        001640
__ptext3                 text3        00184A
__ptext4                 text4        0007E4
__ptext5                 text5        0018D0
__ptext6                 text6        000CA4
__ptext7                 text7        001746
__ptext8                 text8        0010F2
__ptext9                 text9        001A22
__ramtop                 ramtop       002600
__size_of_ADC_Conversion (abs)        000000
__size_of_ADC_Init       (abs)        000000
__size_of_Clock_Init     (abs)        000000
__size_of_INT0_ISR       (abs)        000000
__size_of_INT_Init       (abs)        000000
__size_of_IOC_ISR        (abs)        000000
__size_of_PWM16_Init     (abs)        000000
__size_of_PWM_ChangeDuty (abs)        000000
__size_of_UART_Init      (abs)        000000
__size_of_UART_Tx        (abs)        000000
__size_of___fladd        (abs)        000000
__size_of___fldiv        (abs)        000000
__size_of___flge         (abs)        000000
__size_of___flmul        (abs)        000000
__size_of___flneg        (abs)        000000
__size_of___flsub        (abs)        000000
__size_of___fltol        (abs)        000000
__size_of___xxtofl       (abs)        000000
__size_of_main           (abs)        000000
__smallconst             smallconst   000000
_angulo                  nvBANK5      00058A
_contador                bssBANK5     000574
_main                    text0        0002FE
_main$2053               cstackBANK5  000592
end_of_initialization    cinit        0018CA
intlevel0                text         000000
intlevel1                text         000000
intlevel2                text         000000
intlevel3                text         000000
isa$std                  (abs)        000001
isa$xinst                (abs)        000000
ivt0x200_base            ivt0x200     000200
ivt0x200_undefint        ivt0x200     0002F8
main@referencia          cstackBANK5  000596
stackhi                  (abs)        0025FF
stacklo                  (abs)        00059A
start                    init         0002FA
start_initialization     cinit        001890


MODULE INFORMATION

Module		Function		Class		Link	Load	Size
C:\Program Files\Microchip\xc8\v2.32\pic\sources\c99\common\sprcadd.c
		___flsub       		CODE           	184A	0000	70
		___fladd       		CODE           	07E4	0000	1216

C:\Program Files\Microchip\xc8\v2.32\pic\sources\c99\common\sprcadd.c estimated size: 1286

C:\Program Files\Microchip\xc8\v2.32\pic\sources\c99\common\flneg.c
		___flneg       		CODE           	18D0	0000	56

C:\Program Files\Microchip\xc8\v2.32\pic\sources\c99\common\flneg.c estimated size: 56

Configuracion.c
		_Clock_Init    		CODE           	1A5A	0000	8

Configuracion.c estimated size: 8

Programa_principal.c
		_main          		CODE           	02FE	0000	1254

Programa_principal.c estimated size: 1254

ADC_Libreria.c
		_ADC_Init      		CODE           	19FC	0000	38
		_ADC_Conversion		CODE           	19CE	0000	46

ADC_Libreria.c estimated size: 84

PWM_16.c
		_PWM16_Init    		CODE           	1908	0000	50
		_PWM_ChangeDuty		CODE           	1A4C	0000	14

PWM_16.c estimated size: 64

Interrupcion_Libreria.c
		_IOC_ISR       		CODE           	1A64	0000	2
		_INT0_ISR      		CODE           	193C	0000	50
		_INT_Init      		CODE           	199E	0000	48

Interrupcion_Libreria.c estimated size: 100

shared
		__initialization		CODE           	1890	0000	58

shared estimated size: 58

C:\Program Files\Microchip\xc8\v2.32\pic\sources\c99\common\sprcmul.c
		___flmul       		CODE           	0CA4	0000	1102

C:\Program Files\Microchip\xc8\v2.32\pic\sources\c99\common\sprcmul.c estimated size: 1102

C:\Program Files\Microchip\xc8\v2.32\pic\sources\c99\common\sprcdiv.c
		___fldiv       		CODE           	10F2	0000	922

C:\Program Files\Microchip\xc8\v2.32\pic\sources\c99\common\sprcdiv.c estimated size: 922

C:\Program Files\Microchip\xc8\v2.32\pic\sources\c99\common\fltol.c
		___fltol       		CODE           	1640	0000	262

C:\Program Files\Microchip\xc8\v2.32\pic\sources\c99\common\fltol.c estimated size: 262

C:\Program Files\Microchip\xc8\v2.32\pic\sources\c99\common\xxtofl.c
		___xxtofl      		CODE           	148C	0000	436

C:\Program Files\Microchip\xc8\v2.32\pic\sources\c99\common\xxtofl.c estimated size: 436

C:\Program Files\Microchip\xc8\v2.32\pic\sources\c99\common\flge.c
		___flge        		CODE           	1746	0000	260

C:\Program Files\Microchip\xc8\v2.32\pic\sources\c99\common\flge.c estimated size: 260

UART_Libreria.c
		_UART_Init     		CODE           	196E	0000	48
		_UART_Tx       		CODE           	1A22	0000	26

UART_Libreria.c estimated size: 74

